// Jest Snapshot v1, https://goo.gl/fbAQLP

exports[`<Switch> renders correctly 1`] = `
<View
  style={
    Array [
      Object {
        "flexDirection": "row",
      },
      Object {},
    ]
  }
>
  <View
    onMoveShouldSetResponder={[Function]}
    onMoveShouldSetResponderCapture={[Function]}
    onResponderEnd={[Function]}
    onResponderGrant={[Function]}
    onResponderMove={[Function]}
    onResponderReject={[Function]}
    onResponderRelease={[Function]}
    onResponderStart={[Function]}
    onResponderTerminate={[Function]}
    onResponderTerminationRequest={[Function]}
    onStartShouldSetResponder={[Function]}
    onStartShouldSetResponderCapture={[Function]}
    style={
      Object {
        "flex": 1,
      }
    }
  >
    <View
      onLayout={[Function]}
      style={
        Object {
          "backgroundColor": "#F6F6F6",
          "borderRadius": 50,
          "height": 50,
        }
      }
    >
      <View
        style={
          Object {
            "alignItems": "center",
            "borderColor": "#E8E8E8",
            "borderRadius": 50,
            "borderWidth": 1,
            "flex": 1,
            "flexDirection": "row",
          }
        }
      >
        <View
          accessible={true}
          focusable={true}
          onClick={[Function]}
          onResponderGrant={[Function]}
          onResponderMove={[Function]}
          onResponderRelease={[Function]}
          onResponderTerminate={[Function]}
          onResponderTerminationRequest={[Function]}
          onStartShouldSetResponder={[Function]}
          style={
            Object {
              "alignItems": "center",
              "flex": 1,
              "flexDirection": "row",
              "justifyContent": "center",
              "opacity": 1,
            }
          }
        >
          <Text
            style={
              Array [
                Object {
                  "backgroundColor": "transparent",
                  "color": "#6200ee",
                  "fontSize": 16,
                  "fontWeight": "bold",
                  "textAlign": "center",
                },
                Object {},
              ]
            }
          >
            Left
          </Text>
        </View>
        <View
          accessible={true}
          focusable={true}
          onClick={[Function]}
          onResponderGrant={[Function]}
          onResponderMove={[Function]}
          onResponderRelease={[Function]}
          onResponderTerminate={[Function]}
          onResponderTerminationRequest={[Function]}
          onStartShouldSetResponder={[Function]}
          style={
            Object {
              "alignItems": "center",
              "flex": 1,
              "flexDirection": "row",
              "justifyContent": "center",
              "opacity": 1,
            }
          }
        >
          <Text
            style={
              Array [
                Object {
                  "backgroundColor": "transparent",
                  "color": "#BDBDBD",
                  "fontSize": 16,
                  "fontWeight": "bold",
                  "textAlign": "center",
                },
                Object {},
              ]
            }
          >
            Right
          </Text>
        </View>
      </View>
    </View>
  </View>
</View>
`;
